00:15:03 **** Incremental Build of configuration Debug for project BUTTON ****
make -j8 all 
arm-none-eabi-gcc "../Core/Src/main.c" -mcpu=cortex-m3 -std=gnu11 -g3 -DDEBUG -DUSE_HAL_DRIVER -DSTM32F103x6 -c -I../Core/Inc -I../Drivers/STM32F1xx_HAL_Driver/Inc -I../Drivers/STM32F1xx_HAL_Driver/Inc/Legacy -I../Drivers/CMSIS/Device/ST/STM32F1xx/Include -I../Drivers/CMSIS/Include -O0 -ffunction-sections -fdata-sections -Wall -fstack-usage -MMD -MP -MF"Core/Src/main.d" -MT"Core/Src/main.o" --specs=nano.specs -mfloat-abi=soft -mthumb -o "Core/Src/main.o"
arm-none-eabi-gcc -o "BUTTON.elf" @"objects.list"   -mcpu=cortex-m3 -T"C:\Users\thao2\Desktop\Study\hcmut\HK231\VXL\thuc_hanh\Lab\VXL_LAB_3\BUTTON\STM32F103C6UX_FLASH.ld" --specs=nosys.specs -Wl,-Map="BUTTON.map" -Wl,--gc-sections -static --specs=nano.specs -mfloat-abi=soft -mthumb -Wl,--start-group -lc -lm -Wl,--end-group
Finished building target: BUTTON.elf
 
arm-none-eabi-size   BUTTON.elf 
arm-none-eabi-objdump -h -S  BUTTON.elf  > "BUTTON.list"
arm-none-eabi-objcopy  -O ihex  BUTTON.elf  "BUTTON.hex"
   text	   data	    bss	    dec	    hex	filename
  12100	    108	   1820	  14028	   36cc	BUTTON.elf
arm-none-eabi-objcopy  -O binary  BUTTON.elf  "BUTTON.bin"
Finished building: default.size.stdout
 
Finished building: BUTTON.hex
Finished building: BUTTON.bin
 
 
Finished building: BUTTON.list
 

00:15:04 Build Finished. 0 errors, 0 warnings. (took 876ms)

